// Jest Snapshot v1, https://goo.gl/fbAQLP

exports[`MNavbar should render correctly 1`] = `
<div class="m-navbar m--is-skin-tab">
    <div class="m-navbar__max-width" style="max-width:1200px;">
        <div class="m-navbar__contents">
            <div role="menubar" class="m-navbar__wrap">
                <ul aria-hidden="true" class="m-navbar__list">
                    <li role="menuitem" class="m-navbar-item"><span tabindex="0" class="m-navbar-item__contents"></span></li>
                    <li role="menuitem" class="m-navbar-item"><span tabindex="0" class="m-navbar-item__contents"></span></li>
                    <li role="menuitem" class="m-navbar-item"><span tabindex="0" class="m-navbar-item__contents"></span></li>
                </ul>
            </div>
        </div>
    </div>
</div>
`;
